2026-01-24 05:58:58,321 | INFO     | scraper | 🧪 Starting test scrape...
2026-01-24 05:58:58,321 | INFO     | scraper |    Phrases per letter: 3
2026-01-24 05:58:58,321 | INFO     | scraper | 🚀 Starting browser (visible mode)...
2026-01-24 05:58:58,974 | INFO     | scraper | ✅ Browser started!
2026-01-24 05:58:58,974 | INFO     | scraper | 
==================================================
2026-01-24 05:58:58,974 | INFO     | scraper | 🔤 Starting scrape for letter: A
2026-01-24 05:58:58,974 | INFO     | scraper | ==================================================

2026-01-24 05:58:58,991 | INFO     | scraper | 📍 Navigating to: https://www.signasl.org/dictionary/a/1
2026-01-24 05:59:00,454 | INFO     | scraper | 📄 Letter 'A' has 34 pages
2026-01-24 05:59:00,459 | INFO     | scraper | 📍 Navigating to: https://www.signasl.org/dictionary/a/1
2026-01-24 05:59:01,685 | INFO     | scraper | 📝 Found 79 signs on page 1
2026-01-24 05:59:01,686 | INFO     | scraper | 📚 Found 3 phrases for letter A
2026-01-24 05:59:01,691 | INFO     | scraper | 
[1/3] Processing: A
2026-01-24 05:59:01,701 | INFO     | scraper | 📍 Navigating to: https://www.signasl.org/sign/a
2026-01-24 05:59:02,778 | INFO     | scraper | 🎬 Found 4 videos
2026-01-24 05:59:04,174 | INFO     | scraper | ✅ Downloaded: video_001.mp4 (308.7 KB)
2026-01-24 05:59:04,279 | INFO     | scraper | ✅ Downloaded: video_002.mp4 (19.0 KB)
2026-01-24 05:59:04,951 | INFO     | scraper | ✅ Downloaded: video_003.mp4 (129.5 KB)
2026-01-24 05:59:06,212 | INFO     | scraper | ✅ Downloaded: video_004.mp4 (1064.6 KB)
2026-01-24 05:59:06,222 | INFO     | scraper | 
[2/3] Processing: a.m.
2026-01-24 05:59:06,228 | INFO     | scraper | 📍 Navigating to: https://www.signasl.org/sign/am
2026-01-24 05:59:07,374 | INFO     | scraper | 🎬 Found 14 videos
2026-01-24 05:59:07,777 | INFO     | scraper | ✅ Downloaded: video_001.mp4 (166.2 KB)
2026-01-24 05:59:07,945 | INFO     | scraper | ✅ Downloaded: video_002.mp4 (83.2 KB)
2026-01-24 05:59:08,202 | INFO     | scraper | ✅ Downloaded: video_003.mp4 (18.5 KB)
2026-01-24 05:59:08,535 | INFO     | scraper | ✅ Downloaded: video_004.mp4 (17.8 KB)
2026-01-24 05:59:08,919 | INFO     | scraper | ✅ Downloaded: video_005.mp4 (105.6 KB)
2026-01-24 05:59:09,268 | INFO     | scraper | ✅ Downloaded: video_006.mp4 (104.6 KB)
2026-01-24 05:59:09,558 | INFO     | scraper | ✅ Downloaded: video_007.mp4 (21.5 KB)
2026-01-24 05:59:09,923 | INFO     | scraper | ✅ Downloaded: video_008.mp4 (63.9 KB)
2026-01-24 05:59:10,239 | INFO     | scraper | ✅ Downloaded: video_009.mp4 (20.4 KB)
2026-01-24 05:59:10,569 | INFO     | scraper | ✅ Downloaded: video_010.mp4 (18.6 KB)
2026-01-24 05:59:11,112 | INFO     | scraper | ✅ Downloaded: video_011.mp4 (376.6 KB)
2026-01-24 05:59:11,657 | INFO     | scraper | ✅ Downloaded: video_012.mp4 (92.6 KB)
2026-01-24 05:59:12,134 | INFO     | scraper | ✅ Downloaded: video_013.mp4 (160.3 KB)
2026-01-24 05:59:12,217 | INFO     | scraper | ✅ Downloaded: video_014.mp4 (47.9 KB)
2026-01-24 05:59:12,226 | INFO     | scraper | 
[3/3] Processing: a.w.s. american welding society
2026-01-24 05:59:12,483 | INFO     | scraper | 📍 Navigating to: https://www.signasl.org/sign/aws-american-welding-society
2026-01-24 05:59:13,574 | INFO     | scraper | 🎬 Found 0 videos
2026-01-24 05:59:13,587 | INFO     | scraper | 
📊 Letter A complete: {'phrases_found': 3, 'videos_found': 18, 'videos_downloaded': 18}
2026-01-24 05:59:13,587 | INFO     | scraper | 
==================================================
2026-01-24 05:59:13,587 | INFO     | scraper | 🔤 Starting scrape for letter: B
2026-01-24 05:59:13,587 | INFO     | scraper | ==================================================

2026-01-24 05:59:13,593 | INFO     | scraper | 📍 Navigating to: https://www.signasl.org/dictionary/b/1
2026-01-24 05:59:14,660 | INFO     | scraper | 📄 Letter 'B' has 38 pages
2026-01-24 05:59:14,663 | INFO     | scraper | 📍 Navigating to: https://www.signasl.org/dictionary/b/1
2026-01-24 05:59:15,938 | INFO     | scraper | 📝 Found 80 signs on page 1
2026-01-24 05:59:15,938 | INFO     | scraper | 📚 Found 3 phrases for letter B
2026-01-24 05:59:15,943 | INFO     | scraper | 
[1/3] Processing: B
2026-01-24 05:59:15,951 | INFO     | scraper | 📍 Navigating to: https://www.signasl.org/sign/b
2026-01-24 05:59:16,910 | INFO     | scraper | 🎬 Found 3 videos
2026-01-24 05:59:17,066 | INFO     | scraper | ✅ Downloaded: video_001.mp4 (116.5 KB)
2026-01-24 05:59:17,569 | INFO     | scraper | ✅ Downloaded: video_002.mp4 (20.0 KB)
2026-01-24 05:59:18,276 | INFO     | scraper | ✅ Downloaded: video_003.mp4 (143.2 KB)
2026-01-24 05:59:18,287 | INFO     | scraper | 
[2/3] Processing: B.O.
2026-01-24 05:59:18,294 | INFO     | scraper | 📍 Navigating to: https://www.signasl.org/sign/bo
2026-01-24 05:59:19,236 | INFO     | scraper | 🎬 Found 0 videos
2026-01-24 05:59:19,240 | INFO     | scraper | 
[3/3] Processing: ba
2026-01-24 05:59:19,246 | INFO     | scraper | 📍 Navigating to: https://www.signasl.org/sign/ba
2026-01-24 05:59:20,147 | INFO     | scraper | 🎬 Found 1 videos
2026-01-24 05:59:20,768 | INFO     | scraper | ✅ Downloaded: video_001.mp4 (122.4 KB)
2026-01-24 05:59:20,790 | INFO     | scraper | 
📊 Letter B complete: {'phrases_found': 3, 'videos_found': 4, 'videos_downloaded': 4}
2026-01-24 05:59:21,014 | INFO     | scraper | 🔒 Browser closed
2026-01-24 05:59:21,014 | INFO     | scraper | 
==================================================
2026-01-24 05:59:21,014 | INFO     | scraper | 🎉 Test scrape complete!
2026-01-24 05:59:21,014 | INFO     | scraper |    Letters:    2
2026-01-24 05:59:21,014 | INFO     | scraper |    Phrases:    6
2026-01-24 05:59:21,015 | INFO     | scraper |    Videos:     22/22
2026-01-24 05:59:21,015 | INFO     | scraper | ==================================================
2026-01-24 06:09:14,080 | INFO     | scraper | 🧪 Starting test scrape...
2026-01-24 06:09:14,081 | INFO     | scraper |    Phrases per letter: 3
2026-01-24 06:09:14,081 | INFO     | scraper | 🚀 Starting browser (visible mode)...
2026-01-24 06:09:14,538 | INFO     | scraper | ✅ Browser started!
2026-01-24 06:09:14,539 | INFO     | scraper | 
==================================================
2026-01-24 06:09:14,540 | INFO     | scraper | 🔤 Starting scrape for letter: A
2026-01-24 06:09:14,540 | INFO     | scraper | ==================================================

2026-01-24 06:09:14,550 | INFO     | scraper | 📍 Navigating to: https://www.signasl.org/dictionary/a/1
2026-01-24 06:09:34,861 | INFO     | scraper | 🧪 Starting test scrape...
2026-01-24 06:09:34,861 | INFO     | scraper |    Phrases per letter: 3
2026-01-24 06:09:34,861 | INFO     | scraper | 🚀 Starting browser (visible mode)...
2026-01-24 06:09:35,307 | INFO     | scraper | ✅ Browser started!
2026-01-24 06:09:35,308 | INFO     | scraper | 
==================================================
2026-01-24 06:09:35,308 | INFO     | scraper | 🔤 Starting scrape for letter: A
2026-01-24 06:09:35,308 | INFO     | scraper | ==================================================

2026-01-24 06:09:35,323 | INFO     | scraper | 📍 Navigating to: https://www.signasl.org/dictionary/a/1
2026-01-24 06:09:36,668 | INFO     | scraper | 📄 Letter 'A' has 34 pages
2026-01-24 06:09:36,672 | INFO     | scraper | 📍 Navigating to: https://www.signasl.org/dictionary/a/1
2026-01-24 06:09:37,916 | INFO     | scraper | 📝 Found 79 signs on page 1
2026-01-24 06:09:37,916 | INFO     | scraper | 📚 Found 3 phrases for letter A
2026-01-24 06:09:37,921 | INFO     | scraper | 
[1/3] Processing: A
2026-01-24 06:09:37,930 | INFO     | scraper | 📍 Navigating to: https://www.signasl.org/sign/a
2026-01-24 06:09:39,007 | INFO     | scraper | 🎬 Found 4 videos
2026-01-24 06:09:39,763 | INFO     | scraper | ✅ Downloaded: video_001.mp4 (308.7 KB)
2026-01-24 06:09:39,883 | INFO     | scraper | ✅ Downloaded: video_002.mp4 (19.0 KB)
2026-01-24 06:09:40,348 | INFO     | scraper | ✅ Downloaded: video_003.mp4 (129.5 KB)
2026-01-24 06:09:41,293 | INFO     | scraper | ✅ Downloaded: video_004.mp4 (1064.6 KB)
2026-01-24 06:09:41,306 | INFO     | scraper | 
[2/3] Processing: a.m.
2026-01-24 06:09:41,313 | INFO     | scraper | 📍 Navigating to: https://www.signasl.org/sign/am
2026-01-24 06:09:42,444 | INFO     | scraper | 🎬 Found 14 videos
2026-01-24 06:09:42,631 | INFO     | scraper | ✅ Downloaded: video_001.mp4 (166.2 KB)
2026-01-24 06:09:43,010 | INFO     | scraper | ✅ Downloaded: video_002.mp4 (83.2 KB)
2026-01-24 06:09:43,193 | INFO     | scraper | ✅ Downloaded: video_003.mp4 (18.5 KB)
2026-01-24 06:09:43,548 | INFO     | scraper | ✅ Downloaded: video_004.mp4 (17.8 KB)
2026-01-24 06:09:43,954 | INFO     | scraper | ✅ Downloaded: video_005.mp4 (105.6 KB)
2026-01-24 06:09:44,249 | INFO     | scraper | ✅ Downloaded: video_006.mp4 (104.6 KB)
2026-01-24 06:09:44,578 | INFO     | scraper | ✅ Downloaded: video_007.mp4 (21.5 KB)
2026-01-24 06:09:44,910 | INFO     | scraper | ✅ Downloaded: video_008.mp4 (63.9 KB)
2026-01-24 06:09:45,236 | INFO     | scraper | ✅ Downloaded: video_009.mp4 (20.4 KB)
2026-01-24 06:09:45,570 | INFO     | scraper | ✅ Downloaded: video_010.mp4 (18.6 KB)
2026-01-24 06:09:46,137 | INFO     | scraper | ✅ Downloaded: video_011.mp4 (376.6 KB)
2026-01-24 06:09:46,276 | INFO     | scraper | ✅ Downloaded: video_012.mp4 (92.6 KB)
2026-01-24 06:09:46,659 | INFO     | scraper | ✅ Downloaded: video_013.mp4 (160.3 KB)
2026-01-24 06:09:46,931 | INFO     | scraper | ✅ Downloaded: video_014.mp4 (47.9 KB)
2026-01-24 06:09:46,941 | INFO     | scraper | 
[3/3] Processing: a.w.s. american welding society
2026-01-24 06:09:47,195 | INFO     | scraper | 📍 Navigating to: https://www.signasl.org/sign/aws-american-welding-society
2026-01-24 06:09:48,319 | INFO     | scraper | 🎬 Found 0 videos
2026-01-24 06:09:48,332 | INFO     | scraper | 
📊 Letter A complete: {'phrases_found': 3, 'videos_found': 18, 'videos_downloaded': 18}
2026-01-24 06:09:48,464 | INFO     | scraper | 🔒 Browser closed
2026-01-24 06:09:48,465 | INFO     | scraper | 
==================================================
2026-01-24 06:09:48,465 | INFO     | scraper | 🎉 Test scrape complete!
2026-01-24 06:09:48,465 | INFO     | scraper |    Letters:    1
2026-01-24 06:09:48,465 | INFO     | scraper |    Phrases:    3
2026-01-24 06:09:48,465 | INFO     | scraper |    Videos:     18/18
2026-01-24 06:09:48,465 | INFO     | scraper | ==================================================
2026-01-24 06:11:09,566 | INFO     | scraper | 🧪 Starting test scrape...
2026-01-24 06:11:09,566 | INFO     | scraper |    Phrases per letter: 3
2026-01-24 06:11:09,566 | INFO     | scraper | 🚀 Starting browser (visible mode)...
2026-01-24 06:11:10,017 | INFO     | scraper | ✅ Browser started!
2026-01-24 06:11:10,017 | INFO     | scraper | 
==================================================
2026-01-24 06:11:10,017 | INFO     | scraper | 🔤 Starting scrape for letter: A
2026-01-24 06:11:10,017 | INFO     | scraper | ==================================================

2026-01-24 06:11:10,032 | INFO     | scraper | 📍 Navigating to: https://www.signasl.org/dictionary/a/1
2026-01-24 06:11:11,412 | INFO     | scraper | 📄 Letter 'A' has 34 pages
2026-01-24 06:11:11,417 | INFO     | scraper | 📍 Navigating to: https://www.signasl.org/dictionary/a/1
2026-01-24 06:11:12,627 | INFO     | scraper | 📝 Found 79 signs on page 1
2026-01-24 06:11:12,627 | INFO     | scraper | 📚 Found 3 phrases for letter A
2026-01-24 06:11:12,632 | INFO     | scraper | 
[1/3] Processing: A
2026-01-24 06:11:12,640 | INFO     | scraper | 📍 Navigating to: https://www.signasl.org/sign/a
2026-01-24 06:11:13,700 | INFO     | scraper | 🎬 Found 4 videos
2026-01-24 06:11:14,523 | INFO     | scraper | ✅ Downloaded: video_001.mp4 (308.7 KB)
2026-01-24 06:11:14,672 | INFO     | scraper | ✅ Downloaded: video_002.mp4 (19.0 KB)
2026-01-24 06:11:15,197 | INFO     | scraper | ✅ Downloaded: video_003.mp4 (129.5 KB)
2026-01-24 06:11:15,942 | INFO     | scraper | ✅ Downloaded: video_004.mp4 (1064.6 KB)
2026-01-24 06:11:15,952 | INFO     | scraper | 
[2/3] Processing: a.m.
2026-01-24 06:11:15,959 | INFO     | scraper | 📍 Navigating to: https://www.signasl.org/sign/am
2026-01-24 06:11:17,070 | INFO     | scraper | 🎬 Found 14 videos
2026-01-24 06:11:17,239 | INFO     | scraper | ✅ Downloaded: video_001.mp4 (166.2 KB)
2026-01-24 06:11:17,539 | INFO     | scraper | ✅ Downloaded: video_002.mp4 (83.2 KB)
2026-01-24 06:11:17,853 | INFO     | scraper | ✅ Downloaded: video_003.mp4 (18.5 KB)
2026-01-24 06:11:18,147 | INFO     | scraper | ✅ Downloaded: video_004.mp4 (17.8 KB)
2026-01-24 06:11:18,574 | INFO     | scraper | ✅ Downloaded: video_005.mp4 (105.6 KB)
2026-01-24 06:11:18,862 | INFO     | scraper | ✅ Downloaded: video_006.mp4 (104.6 KB)
2026-01-24 06:11:19,159 | INFO     | scraper | ✅ Downloaded: video_007.mp4 (21.5 KB)
2026-01-24 06:11:19,536 | INFO     | scraper | ✅ Downloaded: video_008.mp4 (63.9 KB)
2026-01-24 06:11:19,841 | INFO     | scraper | ✅ Downloaded: video_009.mp4 (20.4 KB)
2026-01-24 06:11:20,174 | INFO     | scraper | ✅ Downloaded: video_010.mp4 (18.6 KB)
2026-01-24 06:11:20,758 | INFO     | scraper | ✅ Downloaded: video_011.mp4 (376.6 KB)
2026-01-24 06:11:20,894 | INFO     | scraper | ✅ Downloaded: video_012.mp4 (92.6 KB)
2026-01-24 06:11:21,256 | INFO     | scraper | ✅ Downloaded: video_013.mp4 (160.3 KB)
2026-01-24 06:11:21,546 | INFO     | scraper | ✅ Downloaded: video_014.mp4 (47.9 KB)
2026-01-24 06:11:21,558 | INFO     | scraper | 
[3/3] Processing: a.w.s. american welding society
2026-01-24 06:11:21,800 | INFO     | scraper | 📍 Navigating to: https://www.signasl.org/sign/aws-american-welding-society
2026-01-24 06:11:22,922 | INFO     | scraper | 🎬 Found 0 videos
2026-01-24 06:11:22,935 | INFO     | scraper | 
📊 Letter A complete: {'phrases_found': 3, 'videos_found': 18, 'videos_downloaded': 18}
2026-01-24 06:11:23,073 | INFO     | scraper | 🔒 Browser closed
2026-01-24 06:11:23,073 | INFO     | scraper | 
==================================================
2026-01-24 06:11:23,073 | INFO     | scraper | 🎉 Test scrape complete!
2026-01-24 06:11:23,073 | INFO     | scraper |    Letters:    1
2026-01-24 06:11:23,073 | INFO     | scraper |    Phrases:    3
2026-01-24 06:11:23,074 | INFO     | scraper |    Videos:     18/18
2026-01-24 06:11:23,074 | INFO     | scraper | ==================================================
